[      26ms] [WARNING] Scripts "build/three.js" and "build/three.min.js" are deprecated with r150+, and will be removed with r160. Please use ES Modules or alternatives: https://threejs.org/docs/index.html#manual/en/introduction/Installation @ https://cdn.jsdelivr.net/npm/three@0.158/build/three.min.js:0
[   12531ms] [WARNING] cdn.tailwindcss.com should not be used in production. To use Tailwind CSS in production, install it as a PostCSS plugin or use the Tailwind CLI: https://tailwindcss.com/docs/installation @ https://cdn.tailwindcss.com/:63
[   16100ms] [WARNING] Scripts "build/three.js" and "build/three.min.js" are deprecated with r150+, and will be removed with r160. Please use ES Modules or alternatives: https://threejs.org/docs/index.html#manual/en/introduction/Installation @ https://cdn.jsdelivr.net/npm/three@0.158/build/three.min.js:0
[   29035ms] [WARNING] Scripts "build/three.js" and "build/three.min.js" are deprecated with r150+, and will be removed with r160. Please use ES Modules or alternatives: https://threejs.org/docs/index.html#manual/en/introduction/Installation @ https://cdn.jsdelivr.net/npm/three@0.158/build/three.min.js:0
[   33785ms] [ERROR] Failed to load resource: the server responded with a status of 401 () @ https://bridge-ai-os.com/api/debts:0
[   33812ms] [ERROR] Failed to load resource: the server responded with a status of 401 () @ https://bridge-ai-os.com/api/quotes:0
[   36198ms] [ERROR] Failed to load resource: the server responded with a status of 401 () @ https://bridge-ai-os.com/api/debts:0
[   36198ms] [ERROR] Failed to load resource: the server responded with a status of 401 () @ https://bridge-ai-os.com/api/quotes:0
[   36607ms] [ERROR] Failed to load resource: the server responded with a status of 401 () @ https://bridge-ai-os.com/api/quotes:0
[   37871ms] [ERROR] Failed to load resource: the server responded with a status of 401 () @ https://bridge-ai-os.com/api/debts:0
[   38271ms] [ERROR] Failed to load resource: the server responded with a status of 401 () @ https://bridge-ai-os.com/api/vendors:0
[   38598ms] [ERROR] Failed to load resource: the server responded with a status of 401 () @ https://bridge-ai-os.com/api/customers:0
[   39170ms] [ERROR] Failed to load resource: the server responded with a status of 401 () @ https://bridge-ai-os.com/api/tickets:0
[   39408ms] [ERROR] Failed to load resource: the server responded with a status of 401 () @ https://bridge-ai-os.com/api/legal/documents:0
[   39646ms] [ERROR] Failed to load resource: the server responded with a status of 401 () @ https://bridge-ai-os.com/api/hr/team:0
[   39878ms] [ERROR] Failed to load resource: the server responded with a status of 401 () @ https://bridge-ai-os.com/api/inventory:0
[   41748ms] [ERROR] Failed to load resource: the server responded with a status of 401 () @ https://bridge-ai-os.com/api/config/oauth:0
[   43880ms] [ERROR] Failed to load resource: the server responded with a status of 401 () @ https://bridge-ai-os.com/api/config/oauth:0
[   46521ms] [ERROR] Failed to load resource: the server responded with a status of 401 () @ https://bridge-ai-os.com/api/config/oauth:0
[   47400ms] [ERROR] Failed to load resource: the server responded with a status of 401 () @ https://bridge-ai-os.com/api/debts:0
[   47400ms] [ERROR] Failed to load resource: the server responded with a status of 401 () @ https://bridge-ai-os.com/api/quotes:0
[   47939ms] [WARNING] Scripts "build/three.js" and "build/three.min.js" are deprecated with r150+, and will be removed with r160. Please use ES Modules or alternatives: https://threejs.org/docs/index.html#manual/en/introduction/Installation @ https://cdn.jsdelivr.net/npm/three@0.158/build/three.min.js:0
[   50858ms] [ERROR] Failed to load resource: the server responded with a status of 401 () @ https://bridge-ai-os.com/api/swarm/agents:0
[   50871ms] [ERROR] Failed to load resource: the server responded with a status of 401 () @ https://bridge-ai-os.com/api/brain/status:0
[   51321ms] [ERROR] Failed to load resource: the server responded with a status of 401 () @ https://bridge-ai-os.com/api/brain/status:0
